// Jest Snapshot v1, https://goo.gl/fbAQLP

exports[`Basic text value 1`] = `
<DocumentFragment>
  <div
    class="bc_spinner--warp"
  />
</DocumentFragment>
`;
